BMP: BMP  [@0 +54]
  file: BmpFileHeader  [@0 +14]
    signature: char[2] = "BM"  [@0 +2]
    fileSize: u32 = 58  [@2 +4]
    reserved1: u16 = 0  [@6 +2]
    reserved2: u16 = 0  [@8 +2]
    dataOffset: u32 = 54  [@10 +4]
    firstPixels: bytes[4] = ff 00 00 00  [@54 +4]  // first bytes of the pixel array
  info: BmpInfoHeader  [@14 +40]
    headerSize: u32 = 40  [@14 +4]
    width: i32 = 1  [@18 +4]
    height: i32 = 1  [@22 +4]
    planes: u16 = 1  [@26 +2]
    bitCount: u16 = 24  [@28 +2]
    compression: u32 = 0  [@30 +4]
    imageSize: u32 = 4  [@34 +4]
    xPixelsPerMeter: i32 = 2835  [@38 +4]
    yPixelsPerMeter: i32 = 2835  [@42 +4]
    colorsUsed: u32 = 0  [@46 +4]
    colorsImportant: u32 = 0  [@50 +4]
