WAV: WAV  [@0 +36]
  riff: char[4] = "RIFF"  [@0 +4]
  fileSize: u32 = 36  [@4 +4]
  wave: char[4] = "WAVE"  [@8 +4]
  fmtId: char[4] = "fmt "  [@12 +4]
  fmtSize: u32 = 16  [@16 +4]
  audioFormat: u16 = 1  [@20 +2]
  channels: u16 = 2  [@22 +2]
  sampleRate: u32 = 44100  [@24 +4]
  byteRate: u32 = 176400  [@28 +4]
  blockAlign: u16 = 4  [@32 +2]
  bitsPerSample: u16 = 16  [@34 +2]
